Archive member included to satisfy reference by file (symbol)

/opt/Atollic_TrueSTUDIO_for_STM32_x86_64_9.0.0/ARMTools/bin/../lib/gcc/arm-atollic-eabi/6.3.1/../../../../arm-atollic-eabi/lib/armv7-m/libc_nano.a(lib_a-errno.o)
                              Application/User/syscalls.o (__errno)
/opt/Atollic_TrueSTUDIO_for_STM32_x86_64_9.0.0/ARMTools/bin/../lib/gcc/arm-atollic-eabi/6.3.1/../../../../arm-atollic-eabi/lib/armv7-m/libc_nano.a(lib_a-impure.o)
                              /opt/Atollic_TrueSTUDIO_for_STM32_x86_64_9.0.0/ARMTools/bin/../lib/gcc/arm-atollic-eabi/6.3.1/../../../../arm-atollic-eabi/lib/armv7-m/libc_nano.a(lib_a-errno.o) (_impure_ptr)
/opt/Atollic_TrueSTUDIO_for_STM32_x86_64_9.0.0/ARMTools/bin/../lib/gcc/arm-atollic-eabi/6.3.1/../../../../arm-atollic-eabi/lib/armv7-m/libc_nano.a(lib_a-init.o)
                              Application/TrueSTUDIO/startup_stm32f103xb.o (__libc_init_array)
/opt/Atollic_TrueSTUDIO_for_STM32_x86_64_9.0.0/ARMTools/bin/../lib/gcc/arm-atollic-eabi/6.3.1/../../../../arm-atollic-eabi/lib/armv7-m/libc_nano.a(lib_a-memset.o)
                              Drivers/STM32F1xx_HAL_Driver/stm32f1xx_hal_rcc.o (memset)
/opt/Atollic_TrueSTUDIO_for_STM32_x86_64_9.0.0/ARMTools/bin/../lib/gcc/arm-atollic-eabi/6.3.1/../../../../arm-atollic-eabi/lib/armv7-m/libc_nano.a(lib_a-printf.o)
                              Application/User/main.o (printf)
/opt/Atollic_TrueSTUDIO_for_STM32_x86_64_9.0.0/ARMTools/bin/../lib/gcc/arm-atollic-eabi/6.3.1/../../../../arm-atollic-eabi/lib/armv7-m/libc_nano.a(lib_a-findfp.o)
                              /opt/Atollic_TrueSTUDIO_for_STM32_x86_64_9.0.0/ARMTools/bin/../lib/gcc/arm-atollic-eabi/6.3.1/../../../../arm-atollic-eabi/lib/armv7-m/libc_nano.a(lib_a-printf.o) (__sinit)
/opt/Atollic_TrueSTUDIO_for_STM32_x86_64_9.0.0/ARMTools/bin/../lib/gcc/arm-atollic-eabi/6.3.1/../../../../arm-atollic-eabi/lib/armv7-m/libc_nano.a(lib_a-fwalk.o)
                              /opt/Atollic_TrueSTUDIO_for_STM32_x86_64_9.0.0/ARMTools/bin/../lib/gcc/arm-atollic-eabi/6.3.1/../../../../arm-atollic-eabi/lib/armv7-m/libc_nano.a(lib_a-findfp.o) (_fwalk)
/opt/Atollic_TrueSTUDIO_for_STM32_x86_64_9.0.0/ARMTools/bin/../lib/gcc/arm-atollic-eabi/6.3.1/../../../../arm-atollic-eabi/lib/armv7-m/libc_nano.a(lib_a-nano-mallocr.o)
                              /opt/Atollic_TrueSTUDIO_for_STM32_x86_64_9.0.0/ARMTools/bin/../lib/gcc/arm-atollic-eabi/6.3.1/../../../../arm-atollic-eabi/lib/armv7-m/libc_nano.a(lib_a-findfp.o) (_malloc_r)
/opt/Atollic_TrueSTUDIO_for_STM32_x86_64_9.0.0/ARMTools/bin/../lib/gcc/arm-atollic-eabi/6.3.1/../../../../arm-atollic-eabi/lib/armv7-m/libc_nano.a(lib_a-nano-vfprintf.o)
                              /opt/Atollic_TrueSTUDIO_for_STM32_x86_64_9.0.0/ARMTools/bin/../lib/gcc/arm-atollic-eabi/6.3.1/../../../../arm-atollic-eabi/lib/armv7-m/libc_nano.a(lib_a-printf.o) (_vfprintf_r)
/opt/Atollic_TrueSTUDIO_for_STM32_x86_64_9.0.0/ARMTools/bin/../lib/gcc/arm-atollic-eabi/6.3.1/../../../../arm-atollic-eabi/lib/armv7-m/libc_nano.a(lib_a-nano-vfprintf_i.o)
                              /opt/Atollic_TrueSTUDIO_for_STM32_x86_64_9.0.0/ARMTools/bin/../lib/gcc/arm-atollic-eabi/6.3.1/../../../../arm-atollic-eabi/lib/armv7-m/libc_nano.a(lib_a-nano-vfprintf.o) (_printf_i)
/opt/Atollic_TrueSTUDIO_for_STM32_x86_64_9.0.0/ARMTools/bin/../lib/gcc/arm-atollic-eabi/6.3.1/../../../../arm-atollic-eabi/lib/armv7-m/libc_nano.a(lib_a-sbrkr.o)
                              /opt/Atollic_TrueSTUDIO_for_STM32_x86_64_9.0.0/ARMTools/bin/../lib/gcc/arm-atollic-eabi/6.3.1/../../../../arm-atollic-eabi/lib/armv7-m/libc_nano.a(lib_a-nano-mallocr.o) (_sbrk_r)
/opt/Atollic_TrueSTUDIO_for_STM32_x86_64_9.0.0/ARMTools/bin/../lib/gcc/arm-atollic-eabi/6.3.1/../../../../arm-atollic-eabi/lib/armv7-m/libc_nano.a(lib_a-stdio.o)
                              /opt/Atollic_TrueSTUDIO_for_STM32_x86_64_9.0.0/ARMTools/bin/../lib/gcc/arm-atollic-eabi/6.3.1/../../../../arm-atollic-eabi/lib/armv7-m/libc_nano.a(lib_a-findfp.o) (__sread)
/opt/Atollic_TrueSTUDIO_for_STM32_x86_64_9.0.0/ARMTools/bin/../lib/gcc/arm-atollic-eabi/6.3.1/../../../../arm-atollic-eabi/lib/armv7-m/libc_nano.a(lib_a-wbuf.o)
                              /opt/Atollic_TrueSTUDIO_for_STM32_x86_64_9.0.0/ARMTools/bin/../lib/gcc/arm-atollic-eabi/6.3.1/../../../../arm-atollic-eabi/lib/armv7-m/libc_nano.a(lib_a-nano-vfprintf.o) (__swbuf_r)
/opt/Atollic_TrueSTUDIO_for_STM32_x86_64_9.0.0/ARMTools/bin/../lib/gcc/arm-atollic-eabi/6.3.1/../../../../arm-atollic-eabi/lib/armv7-m/libc_nano.a(lib_a-writer.o)
                              /opt/Atollic_TrueSTUDIO_for_STM32_x86_64_9.0.0/ARMTools/bin/../lib/gcc/arm-atollic-eabi/6.3.1/../../../../arm-atollic-eabi/lib/armv7-m/libc_nano.a(lib_a-stdio.o) (_write_r)
/opt/Atollic_TrueSTUDIO_for_STM32_x86_64_9.0.0/ARMTools/bin/../lib/gcc/arm-atollic-eabi/6.3.1/../../../../arm-atollic-eabi/lib/armv7-m/libc_nano.a(lib_a-wsetup.o)
[...]
Memory Configuration

Name             Origin             Length             Attributes
RAM              0x0000000020000000 0x0000000000005000 xrw
FLASH            0x0000000008000000 0x0000000000010000 xr
*default*        0x0000000000000000 0xffffffffffffffff

Linker script and memory map

LOAD /opt/Atollic_TrueSTUDIO_for_STM32_x86_64_9.0.0/ARMTools/bin/../lib/gcc/arm-atollic-eabi/6.3.1/armv7-m/crti.o
LOAD /opt/Atollic_TrueSTUDIO_for_STM32_x86_64_9.0.0/ARMTools/bin/../lib/gcc/arm-atollic-eabi/6.3.1/armv7-m/crtbegin.o
LOAD Application/TrueSTUDIO/startup_stm32f103xb.o
LOAD Application/User/main.o
LOAD Application/User/stm32f1xx_hal_msp.o
LOAD Application/User/stm32f1xx_it.o
LOAD Application/User/syscalls.o
LOAD Drivers/CMSIS/system_stm32f1xx.o
LOAD Drivers/STM32F1xx_HAL_Driver/stm32f1xx_hal.o
LOAD Drivers/STM32F1xx_HAL_Driver/stm32f1xx_hal_cortex.o
LOAD Drivers/STM32F1xx_HAL_Driver/stm32f1xx_hal_dma.o
LOAD Drivers/STM32F1xx_HAL_Driver/stm32f1xx_hal_flash.o
LOAD Drivers/STM32F1xx_HAL_Driver/stm32f1xx_hal_flash_ex.o
LOAD Drivers/STM32F1xx_HAL_Driver/stm32f1xx_hal_gpio.o
LOAD Drivers/STM32F1xx_HAL_Driver/stm32f1xx_hal_gpio_ex.o
LOAD Drivers/STM32F1xx_HAL_Driver/stm32f1xx_hal_pwr.o
LOAD Drivers/STM32F1xx_HAL_Driver/stm32f1xx_hal_rcc.o
LOAD Drivers/STM32F1xx_HAL_Driver/stm32f1xx_hal_rcc_ex.o
LOAD Drivers/STM32F1xx_HAL_Driver/stm32f1xx_hal_tim.o
LOAD Drivers/STM32F1xx_HAL_Driver/stm32f1xx_hal_tim_ex.o
LOAD Drivers/STM32F1xx_HAL_Driver/stm32f1xx_hal_uart.o
                0x0000000000000080                malloc_getpagesize_P = 0x80
START GROUP
LOAD /opt/Atollic_TrueSTUDIO_for_STM32_x86_64_9.0.0/ARMTools/bin/../lib/gcc/arm-atollic-eabi/6.3.1/../../../../arm-atollic-eabi/lib/armv7-m/libc_nano.a
LOAD /opt/Atollic_TrueSTUDIO_for_STM32_x86_64_9.0.0/ARMTools/bin/../lib/gcc/arm-atollic-eabi/6.3.1/../../../../arm-atollic-eabi/lib/armv7-m/libm.a
END GROUP
START GROUP
LOAD /opt/Atollic_TrueSTUDIO_for_STM32_x86_64_9.0.0/ARMTools/bin/../lib/gcc/arm-atollic-eabi/6.3.1/armv7-m/libgcc.a
LOAD /opt/Atollic_TrueSTUDIO_for_STM32_x86_64_9.0.0/ARMTools/bin/../lib/gcc/arm-atollic-eabi/6.3.1/../../../../arm-atollic-eabi/lib/armv7-m/libc_nano.a
END GROUP
START GROUP
LOAD /opt/Atollic_TrueSTUDIO_for_STM32_x86_64_9.0.0/ARMTools/bin/../lib/gcc/arm-atollic-eabi/6.3.1/armv7-m/libgcc.a
LOAD /opt/Atollic_TrueSTUDIO_for_STM32_x86_64_9.0.0/ARMTools/bin/../lib/gcc/arm-atollic-eabi/6.3.1/../../../../arm-atollic-eabi/lib/armv7-m/libc_nano.a
LOAD /opt/Atollic_TrueSTUDIO_for_STM32_x86_64_9.0.0/ARMTools/bin/../lib/gcc/arm-atollic-eabi/6.3.1/../../../../arm-atollic-eabi/lib/armv7-m/libnosys.a
END GROUP
START GROUP
LOAD /opt/Atollic_TrueSTUDIO_for_STM32_x86_64_9.0.0/ARMTools/bin/../lib/gcc/arm-atollic-eabi/6.3.1/armv7-m/libgcc.a
LOAD /opt/Atollic_TrueSTUDIO_for_STM32_x86_64_9.0.0/ARMTools/bin/../lib/gcc/arm-atollic-eabi/6.3.1/../../../../arm-atollic-eabi/lib/armv7-m/libc_nano.a
LOAD /opt/Atollic_TrueSTUDIO_for_STM32_x86_64_9.0.0/ARMTools/bin/../lib/gcc/arm-atollic-eabi/6.3.1/../../../../arm-atollic-eabi/lib/armv7-m/libnosys.a
END GROUP
LOAD /opt/Atollic_TrueSTUDIO_for_STM32_x86_64_9.0.0/ARMTools/bin/../lib/gcc/arm-atollic-eabi/6.3.1/armv7-m/crtend.o
LOAD /opt/Atollic_TrueSTUDIO_for_STM32_x86_64_9.0.0/ARMTools/bin/../lib/gcc/arm-atollic-eabi/6.3.1/armv7-m/crtn.o
                0x0000000020005000                _estack = 0x20005000
                0x0000000000000200                _Min_Heap_Size = 0x200
                0x0000000000000400                _Min_Stack_Size = 0x400

.isr_vector     0x0000000008000000      0x10c
                0x0000000008000000                . = ALIGN (0x4)
 *(.isr_vector)
 .isr_vector    0x0000000008000000      0x10c Application/TrueSTUDIO/startup_stm32f103xb.o
                0x0000000008000000                g_pfnVectors
                0x000000000800010c                . = ALIGN (0x4)

.text           0x000000000800010c     0x2e18
                0x000000000800010c                . = ALIGN (0x4)
 *(.text)
 .text          0x000000000800010c       0x40 /opt/Atollic_TrueSTUDIO_for_STM32_x86_64_9.0.0/ARMTools/bin/../lib/gcc/arm-atollic-eabi/6.3.1/armv7-m/crtbegin.o
 .text          0x000000000800014c      0x21c /opt/Atollic_TrueSTUDIO_for_STM32_x86_64_9.0.0/ARMTools/bin/../lib/gcc/arm-atollic-eabi/6.3.1/armv7-m/libgcc.a(_arm_addsubsf3.o)
                0x000000000800014c                __aeabi_frsub
                0x0000000008000154                __subsf3
                0x0000000008000154                __aeabi_fsub
                0x0000000008000158                __aeabi_fadd
                0x0000000008000158                __addsf3
                0x00000000080002b8                __aeabi_ui2f
                0x00000000080002b8                __floatunsisf
                0x00000000080002c0                __aeabi_i2f
                0x00000000080002c0                __floatsisf
                0x00000000080002dc                __floatundisf
                0x00000000080002dc                __aeabi_ul2f
                0x00000000080002ec                __floatdisf
                0x00000000080002ec                __aeabi_l2f
 .text          0x0000000008000368      0x2a0 /opt/Atollic_TrueSTUDIO_for_STM32_x86_64_9.0.0/ARMTools/bin/../lib/gcc/arm-atollic-eabi/6.3.1/armv7-m/libgcc.a(_arm_muldivsf3.o)
                0x0000000008000368                __mulsf3
                0x0000000008000368                __aeabi_fmul
                0x00000000080004d0                __divsf3
                0x00000000080004d0                __aeabi_fdiv
 .text          0x0000000008000608       0x40 /opt/Atollic_TrueSTUDIO_for_STM32_x86_64_9.0.0/ARMTools/bin/../lib/gcc/arm-atollic-eabi/6.3.1/armv7-m/libgcc.a(_arm_fixunssfsi.o)
                0x0000000008000608                __aeabi_f2uiz
                0x0000000008000608                __fixunssfsi
 *(.text*)
 .text.Reset_Handler
                0x0000000008000648       0x48 Application/TrueSTUDIO/startup_stm32f103xb.o
                0x0000000008000648                Reset_Handler
 .text.Default_Handler
                0x0000000008000690        0x2 Application/TrueSTUDIO/startup_stm32f103xb.o
                0x0000000008000690                RTC_Alarm_IRQHandler
                0x0000000008000690                EXTI2_IRQHandler
                0x0000000008000690                TIM1_CC_IRQHandler
                0x0000000008000690                PVD_IRQHandler
                0x0000000008000690                EXTI3_IRQHandler
                0x0000000008000690                EXTI0_IRQHandler
                0x0000000008000690                I2C2_EV_IRQHandler
                0x0000000008000690                ADC1_2_IRQHandler
                0x0000000008000690                SPI1_IRQHandler
                0x0000000008000690                TAMPER_IRQHandler
                0x0000000008000690                DMA1_Channel4_IRQHandler
                0x0000000008000690                USART3_IRQHandler
                0x0000000008000690                RTC_IRQHandler
                0x0000000008000690                DMA1_Channel7_IRQHandler
                0x0000000008000690                CAN1_RX1_IRQHandler
                0x0000000008000690                TIM4_IRQHandler
                0x0000000008000690                I2C1_EV_IRQHandler
                0x0000000008000690                DMA1_Channel6_IRQHandler
                0x0000000008000690                TIM3_IRQHandler
                0x0000000008000690                RCC_IRQHandler
                0x0000000008000690                TIM1_TRG_COM_IRQHandler
                0x0000000008000690                DMA1_Channel1_IRQHandler
                0x0000000008000690                Default_Handler
                0x0000000008000690                EXTI15_10_IRQHandler
                0x0000000008000690                EXTI9_5_IRQHandler
                0x0000000008000690                SPI2_IRQHandler
                0x0000000008000690                DMA1_Channel5_IRQHandler
                0x0000000008000690                EXTI4_IRQHandler
                0x0000000008000690                USB_LP_CAN1_RX0_IRQHandler
                0x0000000008000690                USB_HP_CAN1_TX_IRQHandler
                0x0000000008000690                DMA1_Channel3_IRQHandler
                0x0000000008000690                TIM1_UP_IRQHandler
                0x0000000008000690                WWDG_IRQHandler
                0x0000000008000690                TIM2_IRQHandler
                0x0000000008000690                TIM1_BRK_IRQHandler
                0x0000000008000690                EXTI1_IRQHandler
                0x0000000008000690                USART2_IRQHandler
                0x0000000008000690                I2C2_ER_IRQHandler
                0x0000000008000690                DMA1_Channel2_IRQHandler
                0x0000000008000690                CAN1_SCE_IRQHandler
                0x0000000008000690                FLASH_IRQHandler
                0x0000000008000690                I2C1_ER_IRQHandler
                0x0000000008000690                USBWakeUp_IRQHandler
 *fill*         0x0000000008000692        0x2 
 .text.__io_putchar
                0x0000000008000694       0x20 Application/User/main.o
                0x0000000008000694                __io_putchar
 .text.SystemClock_Config
                0x00000000080006b4       0x66 Application/User/main.o
                0x00000000080006b4                SystemClock_Config
 *fill*         0x000000000800071a        0x2 
 .text.startup.main
                0x000000000800071c      0x394 Application/User/main.o
                0x000000000800071c                main
 .text.HAL_MspInit
                0x0000000008000ab0       0x90 Application/User/stm32f1xx_hal_msp.o
                0x0000000008000ab0                HAL_MspInit
 .text.HAL_TIM_Base_MspInit
                0x0000000008000b40       0x68 Application/User/stm32f1xx_hal_msp.o
                0x0000000008000b40                HAL_TIM_Base_MspInit
 .text.HAL_TIM_MspPostInit
                0x0000000008000ba8       0x44 Application/User/stm32f1xx_hal_msp.o
                0x0000000008000ba8                HAL_TIM_MspPostInit
 .text.HAL_UART_MspInit
                0x0000000008000bec       0x68 Application/User/stm32f1xx_hal_msp.o
                0x0000000008000bec                HAL_UART_MspInit
 .text.NMI_Handler
                0x0000000008000c54        0x2 Application/User/stm32f1xx_it.o
                0x0000000008000c54                NMI_Handler
 .text.HardFault_Handler
                0x0000000008000c56        0x2 Application/User/stm32f1xx_it.o
                0x0000000008000c56                HardFault_Handler
 .text.MemManage_Handler
                0x0000000008000c58        0x2 Application/User/stm32f1xx_it.o
                0x0000000008000c58                MemManage_Handler
 .text.BusFault_Handler
                0x0000000008000c5a        0x2 Application/User/stm32f1xx_it.o
                0x0000000008000c5a                BusFault_Handler
 .text.UsageFault_Handler
                0x0000000008000c5c        0x2 Application/User/stm32f1xx_it.o
                0x0000000008000c5c                UsageFault_Handler
 .text.SVC_Handler
                0x0000000008000c5e        0x2 Application/User/stm32f1xx_it.o
                0x0000000008000c5e                SVC_Handler
 .text.DebugMon_Handler
                0x0000000008000c60        0x2 Application/User/stm32f1xx_it.o
                0x0000000008000c60                DebugMon_Handler
 .text.PendSV_Handler
                0x0000000008000c62        0x2 Application/User/stm32f1xx_it.o
                0x0000000008000c62                PendSV_Handler
 .text.SysTick_Handler
                0x0000000008000c64        0xe Application/User/stm32f1xx_it.o
                0x0000000008000c64                SysTick_Handler
 *fill*         0x0000000008000c72        0x2 
 .text.USART1_IRQHandler
                0x0000000008000c74        0xc Application/User/stm32f1xx_it.o
                0x0000000008000c74                USART1_IRQHandler
 .text._read    0x0000000008000c80       0x1c Application/User/syscalls.o
                0x0000000008000c80                _read
 .text._write   0x0000000008000c9c       0x1c Application/User/syscalls.o
                0x0000000008000c9c                _write
 .text._sbrk    0x0000000008000cb8       0x34 Application/User/syscalls.o
                0x0000000008000cb8                _sbrk
 .text._close   0x0000000008000cec        0x6 Application/User/syscalls.o
                0x0000000008000cec                _close
 .text._fstat   0x0000000008000cf2        0xa Application/User/syscalls.o
                0x0000000008000cf2                _fstat
 .text._isatty  0x0000000008000cfc        0x4 Application/User/syscalls.o
                0x0000000008000cfc                _isatty
 .text._lseek   0x0000000008000d00        0x4 Application/User/syscalls.o
                0x0000000008000d00                _lseek
 .text.SystemInit
                0x0000000008000d04       0x4c Drivers/CMSIS/system_stm32f1xx.o
                0x0000000008000d04                SystemInit
 .text.HAL_InitTick
                0x0000000008000d50       0x28 Drivers/STM32F1xx_HAL_Driver/stm32f1xx_hal.o
                0x0000000008000d50                HAL_InitTick
 .text.HAL_Init
                0x0000000008000d78       0x24 Drivers/STM32F1xx_HAL_Driver/stm32f1xx_hal.o
                0x0000000008000d78                HAL_Init
 .text.HAL_IncTick
                0x0000000008000d9c       0x10 Drivers/STM32F1xx_HAL_Driver/stm32f1xx_hal.o
                0x0000000008000d9c                HAL_IncTick
 .text.HAL_GetTick
                0x0000000008000dac        0xc Drivers/STM32F1xx_HAL_Driver/stm32f1xx_hal.o
                0x0000000008000dac                HAL_GetTick
 .text.HAL_NVIC_SetPriorityGrouping
                0x0000000008000db8       0x24 Drivers/STM32F1xx_HAL_Driver/stm32f1xx_hal_cortex.o
                0x0000000008000db8                HAL_NVIC_SetPriorityGrouping
 .text.HAL_NVIC_SetPriority
                0x0000000008000ddc       0x68 Drivers/STM32F1xx_HAL_Driver/stm32f1xx_hal_cortex.o
                0x0000000008000ddc                HAL_NVIC_SetPriority
 .text.HAL_NVIC_EnableIRQ
                0x0000000008000e44       0x18 Drivers/STM32F1xx_HAL_Driver/stm32f1xx_hal_cortex.o
                0x0000000008000e44                HAL_NVIC_EnableIRQ
 .text.HAL_SYSTICK_Config
                0x0000000008000e5c       0x2c Drivers/STM32F1xx_HAL_Driver/stm32f1xx_hal_cortex.o
                0x0000000008000e5c                HAL_SYSTICK_Config
 .text.HAL_SYSTICK_CLKSourceConfig
                0x0000000008000e88       0x18 Drivers/STM32F1xx_HAL_Driver/stm32f1xx_hal_cortex.o
                0x0000000008000e88                HAL_SYSTICK_CLKSourceConfig
 .text.HAL_SYSTICK_Callback
                0x0000000008000ea0        0x2 Drivers/STM32F1xx_HAL_Driver/stm32f1xx_hal_cortex.o
                0x0000000008000ea0                HAL_SYSTICK_Callback
 .text.HAL_SYSTICK_IRQHandler
                0x0000000008000ea2        0x8 Drivers/STM32F1xx_HAL_Driver/stm32f1xx_hal_cortex.o
                0x0000000008000ea2                HAL_SYSTICK_IRQHandler
 *fill*         0x0000000008000eaa        0x2 
 .text.HAL_DMA_Abort_IT
                0x0000000008000eac       0x90 Drivers/STM32F1xx_HAL_Driver/stm32f1xx_hal_dma.o
                0x0000000008000eac                HAL_DMA_Abort_IT
 .text.HAL_GPIO_Init
                0x0000000008000f3c      0x1c0 Drivers/STM32F1xx_HAL_Driver/stm32f1xx_hal_gpio.o
                0x0000000008000f3c                HAL_GPIO_Init
 .text.HAL_GPIO_WritePin
                0x00000000080010fc        0xa Drivers/STM32F1xx_HAL_Driver/stm32f1xx_hal_gpio.o
                0x00000000080010fc                HAL_GPIO_WritePin
 *fill*         0x0000000008001106        0x2 
 .text.HAL_RCC_OscConfig
                0x0000000008001108      0x318 Drivers/STM32F1xx_HAL_Driver/stm32f1xx_hal_rcc.o
                0x0000000008001108                HAL_RCC_OscConfig
 .text.HAL_RCC_GetSysClockFreq
                0x0000000008001420       0x7c Drivers/STM32F1xx_HAL_Driver/stm32f1xx_hal_rcc.o
                0x0000000008001420                HAL_RCC_GetSysClockFreq
 .text.HAL_RCC_ClockConfig
                0x000000000800149c      0x148 Drivers/STM32F1xx_HAL_Driver/stm32f1xx_hal_rcc.o
                0x000000000800149c                HAL_RCC_ClockConfig
 .text.HAL_RCC_GetHCLKFreq
                0x00000000080015e4        0xc Drivers/STM32F1xx_HAL_Driver/stm32f1xx_hal_rcc.o
                0x00000000080015e4                HAL_RCC_GetHCLKFreq
 .text.HAL_RCC_GetPCLK1Freq
                0x00000000080015f0       0x20 Drivers/STM32F1xx_HAL_Driver/stm32f1xx_hal_rcc.o
                0x00000000080015f0                HAL_RCC_GetPCLK1Freq
 .text.HAL_RCC_GetPCLK2Freq
                0x0000000008001610       0x20 Drivers/STM32F1xx_HAL_Driver/stm32f1xx_hal_rcc.o
                0x0000000008001610                HAL_RCC_GetPCLK2Freq
 .text.TIM_OC1_SetConfig
                0x0000000008001630       0x50 Drivers/STM32F1xx_HAL_Driver/stm32f1xx_hal_tim.o
 .text.TIM_OC3_SetConfig
                0x0000000008001680       0x54 Drivers/STM32F1xx_HAL_Driver/stm32f1xx_hal_tim.o
 .text.TIM_OC4_SetConfig
                0x00000000080016d4       0x44 Drivers/STM32F1xx_HAL_Driver/stm32f1xx_hal_tim.o
 .text.HAL_TIM_PWM_MspInit
                0x0000000008001718        0x2 Drivers/STM32F1xx_HAL_Driver/stm32f1xx_hal_tim.o
                0x0000000008001718                HAL_TIM_PWM_MspInit
 .text.HAL_TIM_ConfigClockSource
                0x000000000800171a      0x172 Drivers/STM32F1xx_HAL_Driver/stm32f1xx_hal_tim.o
                0x000000000800171a                HAL_TIM_ConfigClockSource
 .text.TIM_Base_SetConfig
                0x000000000800188c       0x70 Drivers/STM32F1xx_HAL_Driver/stm32f1xx_hal_tim.o
                0x000000000800188c                TIM_Base_SetConfig
 .text.HAL_TIM_Base_Init
                0x00000000080018fc       0x34 Drivers/STM32F1xx_HAL_Driver/stm32f1xx_hal_tim.o
                0x00000000080018fc                HAL_TIM_Base_Init
 .text.HAL_TIM_PWM_Init
                0x0000000008001930       0x34 Drivers/STM32F1xx_HAL_Driver/stm32f1xx_hal_tim.o
                0x0000000008001930                HAL_TIM_PWM_Init
 .text.TIM_OC2_SetConfig
                0x0000000008001964       0x58 Drivers/STM32F1xx_HAL_Driver/stm32f1xx_hal_tim.o
                0x0000000008001964                TIM_OC2_SetConfig
 .text.HAL_TIM_PWM_ConfigChannel
                0x00000000080019bc       0xc4 Drivers/STM32F1xx_HAL_Driver/stm32f1xx_hal_tim.o
                0x00000000080019bc                HAL_TIM_PWM_ConfigChannel
 .text.TIM_CCxChannelCmd
                0x0000000008001a80       0x18 Drivers/STM32F1xx_HAL_Driver/stm32f1xx_hal_tim.o
                0x0000000008001a80                TIM_CCxChannelCmd
 .text.HAL_TIM_PWM_Start
                0x0000000008001a98       0x2c Drivers/STM32F1xx_HAL_Driver/stm32f1xx_hal_tim.o
                0x0000000008001a98                HAL_TIM_PWM_Start
 .text.HAL_TIMEx_ConfigBreakDeadTime
                0x0000000008001ac4       0x4c Drivers/STM32F1xx_HAL_Driver/stm32f1xx_hal_tim_ex.o
                0x0000000008001ac4                HAL_TIMEx_ConfigBreakDeadTime
 .text.HAL_TIMEx_MasterConfigSynchronization
                0x0000000008001b10       0x44 Drivers/STM32F1xx_HAL_Driver/stm32f1xx_hal_tim_ex.o
                0x0000000008001b10                HAL_TIMEx_MasterConfigSynchronization
 .text.UART_EndRxTransfer
                0x0000000008001b54       0x1a Drivers/STM32F1xx_HAL_Driver/stm32f1xx_hal_uart.o
 *fill*         0x0000000008001b6e        0x2 
 .text.UART_SetConfig
                0x0000000008001b70      0x13c Drivers/STM32F1xx_HAL_Driver/stm32f1xx_hal_uart.o
 .text.UART_WaitOnFlagUntilTimeout.constprop.3
                0x0000000008001cac       0x50 Drivers/STM32F1xx_HAL_Driver/stm32f1xx_hal_uart.o
 .text.HAL_UART_Init
                0x0000000008001cfc       0x5c Drivers/STM32F1xx_HAL_Driver/stm32f1xx_hal_uart.o
                0x0000000008001cfc                HAL_UART_Init
 .text.HAL_UART_Transmit
                0x0000000008001d58       0xb8 Drivers/STM32F1xx_HAL_Driver/stm32f1xx_hal_uart.o
                0x0000000008001d58                HAL_UART_Transmit
 .text.HAL_UART_Receive
                0x0000000008001e10       0xbe Drivers/STM32F1xx_HAL_Driver/stm32f1xx_hal_uart.o
                0x0000000008001e10                HAL_UART_Receive
 .text.HAL_UART_TxCpltCallback
                0x0000000008001ece        0x2 Drivers/STM32F1xx_HAL_Driver/stm32f1xx_hal_uart.o
                0x0000000008001ece                HAL_UART_TxCpltCallback
 .text.HAL_UART_RxCpltCallback
                0x0000000008001ed0        0x2 Drivers/STM32F1xx_HAL_Driver/stm32f1xx_hal_uart.o
                0x0000000008001ed0                HAL_UART_RxCpltCallback
 .text.UART_Receive_IT
                0x0000000008001ed2       0x7c Drivers/STM32F1xx_HAL_Driver/stm32f1xx_hal_uart.o
 .text.HAL_UART_ErrorCallback
                0x0000000008001f4e        0x2 Drivers/STM32F1xx_HAL_Driver/stm32f1xx_hal_uart.o
                0x0000000008001f4e                HAL_UART_ErrorCallback
 .text.HAL_UART_IRQHandler
                0x0000000008001f50      0x140 Drivers/STM32F1xx_HAL_Driver/stm32f1xx_hal_uart.o
                0x0000000008001f50                HAL_UART_IRQHandler
 .text.UART_DMAAbortOnError
                0x0000000008002090       0x10 Drivers/STM32F1xx_HAL_Driver/stm32f1xx_hal_uart.o
 .text.__errno  0x00000000080020a0        0xc /opt/Atollic_TrueSTUDIO_for_STM32_x86_64_9.0.0/ARMTools/bin/../lib/gcc/arm-atollic-eabi/6.3.1/../../../../arm-atollic-eabi/lib/armv7-m/libc_nano.a(lib_a-errno.o)
                0x00000000080020a0                __errno
 .text.__libc_init_array
                0x00000000080020ac       0x48 /opt/Atollic_TrueSTUDIO_for_STM32_x86_64_9.0.0/ARMTools/bin/../lib/gcc/arm-atollic-eabi/6.3.1/../../../../arm-atollic-eabi/lib/armv7-m/libc_nano.a(lib_a-init.o)
                0x00000000080020ac                __libc_init_array
 .text.memset   0x00000000080020f4       0x10 /opt/Atollic_TrueSTUDIO_for_STM32_x86_64_9.0.0/ARMTools/bin/../lib/gcc/arm-atollic-eabi/6.3.1/../../../../arm-atollic-eabi/lib/armv7-m/libc_nano.a(lib_a-memset.o)
                0x00000000080020f4                memset
 .text.printf   0x0000000008002104       0x30 /opt/Atollic_TrueSTUDIO_for_STM32_x86_64_9.0.0/ARMTools/bin/../lib/gcc/arm-atollic-eabi/6.3.1/../../../../arm-atollic-eabi/lib/armv7-m/libc_nano.a(lib_a-printf.o)
                0x0000000008002104                printf
                0x0000000008002104                iprintf
 .text._cleanup_r
                0x0000000008002134        0xc /opt/Atollic_TrueSTUDIO_for_STM32_x86_64_9.0.0/ARMTools/bin/../lib/gcc/arm-atollic-eabi/6.3.1/../../../../arm-atollic-eabi/lib/armv7-m/libc_nano.a(lib_a-findfp.o)
                0x0000000008002134                _cleanup_r
 .text.std.isra.0
                0x0000000008002140       0x48 /opt/Atollic_TrueSTUDIO_for_STM32_x86_64_9.0.0/ARMTools/bin/../lib/gcc/arm-atollic-eabi/6.3.1/../../../../arm-atollic-eabi/lib/armv7-m/libc_nano.a(lib_a-findfp.o)
 .text.__sfmoreglue
                0x0000000008002188       0x2c /opt/Atollic_TrueSTUDIO_for_STM32_x86_64_9.0.0/ARMTools/bin/../lib/gcc/arm-atollic-eabi/6.3.1/../../../../arm-atollic-eabi/lib/armv7-m/libc_nano.a(lib_a-findfp.o)
                0x0000000008002188                __sfmoreglue
 .text.__sinit  0x00000000080021b4       0x60 /opt/Atollic_TrueSTUDIO_for_STM32_x86_64_9.0.0/ARMTools/bin/../lib/gcc/arm-atollic-eabi/6.3.1/../../../../arm-atollic-eabi/lib/armv7-m/libc_nano.a(lib_a-findfp.o)
                0x00000000080021b4                __sinit
 .text.__sfp    0x0000000008002214       0x78 /opt/Atollic_TrueSTUDIO_for_STM32_x86_64_9.0.0/ARMTools/bin/../lib/gcc/arm-atollic-eabi/6.3.1/../../../../arm-atollic-eabi/lib/armv7-m/libc_nano.a(lib_a-findfp.o)
                0x0000000008002214                __sfp
 .text._fwalk_reent
                0x000000000800228c       0x3c /opt/Atollic_TrueSTUDIO_for_STM32_x86_64_9.0.0/ARMTools/bin/../lib/gcc/arm-atollic-eabi/6.3.1/../../../../arm-atollic-eabi/lib/armv7-m/libc_nano.a(lib_a-fwalk.o)
                0x000000000800228c                _fwalk_reent
 .text._malloc_r
                0x00000000080022c8       0xbc /opt/Atollic_TrueSTUDIO_for_STM32_x86_64_9.0.0/ARMTools/bin/../lib/gcc/arm-atollic-eabi/6.3.1/../../../../arm-atollic-eabi/lib/armv7-m/libc_nano.a(lib_a-nano-mallocr.o)
                0x00000000080022c8                _malloc_r
 .text.__sfputc_r
                0x0000000008002384       0x2c /opt/Atollic_TrueSTUDIO_for_STM32_x86_64_9.0.0/ARMTools/bin/../lib/gcc/arm-atollic-eabi/6.3.1/../../../../arm-atollic-eabi/lib/armv7-m/libc_nano.a(lib_a-nano-vfprintf.o)
 .text.__sfputs_r
                0x00000000080023b0       0x24 /opt/Atollic_TrueSTUDIO_for_STM32_x86_64_9.0.0/ARMTools/bin/../lib/gcc/arm-atollic-eabi/6.3.1/../../../../arm-atollic-eabi/lib/armv7-m/libc_nano.a(lib_a-nano-vfprintf.o)
                0x00000000080023b0                __sfputs_r
 .text._vfprintf_r
                0x00000000080023d4      0x22c /opt/Atollic_TrueSTUDIO_for_STM32_x86_64_9.0.0/ARMTools/bin/../lib/gcc/arm-atollic-eabi/6.3.1/../../../../arm-atollic-eabi/lib/armv7-m/libc_nano.a(lib_a-nano-vfprintf.o)
                0x00000000080023d4                _vfiprintf_r
                0x00000000080023d4                _vfprintf_r
 .text._printf_common
                0x0000000008002600       0xee /opt/Atollic_TrueSTUDIO_for_STM32_x86_64_9.0.0/ARMTools/bin/../lib/gcc/arm-atollic-eabi/6.3.1/../../../../arm-atollic-eabi/lib/armv7-m/libc_nano.a(lib_a-nano-vfprintf_i.o)
                0x0000000008002600                _printf_common
 *fill*         0x00000000080026ee        0x2 
 .text._printf_i
                0x00000000080026f0      0x240 /opt/Atollic_TrueSTUDIO_for_STM32_x86_64_9.0.0/ARMTools/bin/../lib/gcc/arm-atollic-eabi/6.3.1/../../../../arm-atollic-eabi/lib/armv7-m/libc_nano.a(lib_a-nano-vfprintf_i.o)
                0x00000000080026f0                _printf_i
 .text._sbrk_r  0x0000000008002930       0x20 /opt/Atollic_TrueSTUDIO_for_STM32_x86_64_9.0.0/ARMTools/bin/../lib/gcc/arm-atollic-eabi/6.3.1/../../../../arm-atollic-eabi/lib/armv7-m/libc_nano.a(lib_a-sbrkr.o)
                0x0000000008002930                _sbrk_r
 .text.__sread  0x0000000008002950       0x22 /opt/Atollic_TrueSTUDIO_for_STM32_x86_64_9.0.0/ARMTools/bin/../lib/gcc/arm-atollic-eabi/6.3.1/../../../../arm-atollic-eabi/lib/armv7-m/libc_nano.a(lib_a-stdio.o)
                0x0000000008002950                __sread
 .text.__swrite
                0x0000000008002972       0x38 /opt/Atollic_TrueSTUDIO_for_STM32_x86_64_9.0.0/ARMTools/bin/../lib/gcc/arm-atollic-eabi/6.3.1/../../../../arm-atollic-eabi/lib/armv7-m/libc_nano.a(lib_a-stdio.o)
                0x0000000008002972                __swrite
 .text.__sseek  0x00000000080029aa       0x24 /opt/Atollic_TrueSTUDIO_for_STM32_x86_64_9.0.0/ARMTools/bin/../lib/gcc/arm-atollic-eabi/6.3.1/../../../../arm-atollic-eabi/lib/armv7-m/libc_nano.a(lib_a-stdio.o)
                0x00000000080029aa                __sseek
 .text.__sclose
                0x00000000080029ce        0x8 /opt/Atollic_TrueSTUDIO_for_STM32_x86_64_9.0.0/ARMTools/bin/../lib/gcc/arm-atollic-eabi/6.3.1/../../../../arm-atollic-eabi/lib/armv7-m/libc_nano.a(lib_a-stdio.o)
                0x00000000080029ce                __sclose
 *fill*         0x00000000080029d6        0x2 
 .text.__swbuf_r
                0x00000000080029d8       0xa4 /opt/Atollic_TrueSTUDIO_for_STM32_x86_64_9.0.0/ARMTools/bin/../lib/gcc/arm-atollic-eabi/6.3.1/../../../../arm-atollic-eabi/lib/armv7-m/libc_nano.a(lib_a-wbuf.o)
                0x00000000080029d8                __swbuf_r
 .text._write_r
                0x0000000008002a7c       0x24 /opt/Atollic_TrueSTUDIO_for_STM32_x86_64_9.0.0/ARMTools/bin/../lib/gcc/arm-atollic-eabi/6.3.1/../../../../arm-atollic-eabi/lib/armv7-m/libc_nano.a(lib_a-writer.o)
                0x0000000008002a7c                _write_r
 .text.__swsetup_r
                0x0000000008002aa0       0xdc /opt/Atollic_TrueSTUDIO_for_STM32_x86_64_9.0.0/ARMTools/bin/../lib/gcc/arm-atollic-eabi/6.3.1/../../../../arm-atollic-eabi/lib/armv7-m/libc_nano.a(lib_a-wsetup.o)
                0x0000000008002aa0                __swsetup_r
 .text._close_r
                0x0000000008002b7c       0x20 /opt/Atollic_TrueSTUDIO_for_STM32_x86_64_9.0.0/ARMTools/bin/../lib/gcc/arm-atollic-eabi/6.3.1/../../../../arm-atollic-eabi/lib/armv7-m/libc_nano.a(lib_a-closer.o)
                0x0000000008002b7c                _close_r
 .text.__sflush_r
                0x0000000008002b9c      0x110 /opt/Atollic_TrueSTUDIO_for_STM32_x86_64_9.0.0/ARMTools/bin/../lib/gcc/arm-atollic-eabi/6.3.1/../../../../arm-atollic-eabi/lib/armv7-m/libc_nano.a(lib_a-fflush.o)
                0x0000000008002b9c                __sflush_r
 .text._fflush_r
                0x0000000008002cac       0x54 /opt/Atollic_TrueSTUDIO_for_STM32_x86_64_9.0.0/ARMTools/bin/../lib/gcc/arm-atollic-eabi/6.3.1/../../../../arm-atollic-eabi/lib/armv7-m/libc_nano.a(lib_a-fflush.o)
                0x0000000008002cac                _fflush_r
 .text._lseek_r
                0x0000000008002d00       0x24 /opt/Atollic_TrueSTUDIO_for_STM32_x86_64_9.0.0/ARMTools/bin/../lib/gcc/arm-atollic-eabi/6.3.1/../../../../arm-atollic-eabi/lib/armv7-m/libc_nano.a(lib_a-lseekr.o)
                0x0000000008002d00                _lseek_r
 .text.__swhatbuf_r
                0x0000000008002d24       0x48 /opt/Atollic_TrueSTUDIO_for_STM32_x86_64_9.0.0/ARMTools/bin/../lib/gcc/arm-atollic-eabi/6.3.1/../../../../arm-atollic-eabi/lib/armv7-m/libc_nano.a(lib_a-makebuf.o)
                0x0000000008002d24                __swhatbuf_r
 .text.__smakebuf_r
                0x0000000008002d6c       0x80 /opt/Atollic_TrueSTUDIO_for_STM32_x86_64_9.0.0/ARMTools/bin/../lib/gcc/arm-atollic-eabi/6.3.1/../../../../arm-atollic-eabi/lib/armv7-m/libc_nano.a(lib_a-makebuf.o)
                0x0000000008002d6c                __smakebuf_r
 .text.memchr   0x0000000008002dec       0x1c /opt/Atollic_TrueSTUDIO_for_STM32_x86_64_9.0.0/ARMTools/bin/../lib/gcc/arm-atollic-eabi/6.3.1/../../../../arm-atollic-eabi/lib/armv7-m/libc_nano.a(lib_a-memchr-stub.o)
                0x0000000008002dec                memchr
 .text.__malloc_lock
                0x0000000008002e08        0x2 /opt/Atollic_TrueSTUDIO_for_STM32_x86_64_9.0.0/ARMTools/bin/../lib/gcc/arm-atollic-eabi/6.3.1/../../../../arm-atollic-eabi/lib/armv7-m/libc_nano.a(lib_a-mlock.o)
                0x0000000008002e08                __malloc_lock
 .text.__malloc_unlock
                0x0000000008002e0a        0x2 /opt/Atollic_TrueSTUDIO_for_STM32_x86_64_9.0.0/ARMTools/bin/../lib/gcc/arm-atollic-eabi/6.3.1/../../../../arm-atollic-eabi/lib/armv7-m/libc_nano.a(lib_a-mlock.o)
                0x0000000008002e0a                __malloc_unlock
 .text._free_r  0x0000000008002e0c       0x98 /opt/Atollic_TrueSTUDIO_for_STM32_x86_64_9.0.0/ARMTools/bin/../lib/gcc/arm-atollic-eabi/6.3.1/../../../../arm-atollic-eabi/lib/armv7-m/libc_nano.a(lib_a-nano-freer.o)
                0x0000000008002e0c                _free_r
 .text._read_r  0x0000000008002ea4       0x24 /opt/Atollic_TrueSTUDIO_for_STM32_x86_64_9.0.0/ARMTools/bin/../lib/gcc/arm-atollic-eabi/6.3.1/../../../../arm-atollic-eabi/lib/armv7-m/libc_nano.a(lib_a-readr.o)
                0x0000000008002ea4                _read_r
 .text._fstat_r
                0x0000000008002ec8       0x24 /opt/Atollic_TrueSTUDIO_for_STM32_x86_64_9.0.0/ARMTools/bin/../lib/gcc/arm-atollic-eabi/6.3.1/../../../../arm-atollic-eabi/lib/armv7-m/libc_nano.a(lib_a-fstatr.o)
                0x0000000008002ec8                _fstat_r
 .text._isatty_r
                0x0000000008002eec       0x20 /opt/Atollic_TrueSTUDIO_for_STM32_x86_64_9.0.0/ARMTools/bin/../lib/gcc/arm-atollic-eabi/6.3.1/../../../../arm-atollic-eabi/lib/armv7-m/libc_nano.a(lib_a-isattyr.o)
                0x0000000008002eec                _isatty_r
 *(.glue_7)
 .glue_7        0x0000000008002f0c        0x0 linker stubs
 *(.glue_7t)
 .glue_7t       0x0000000008002f0c        0x0 linker stubs
 *(.eh_frame)
 .eh_frame      0x0000000008002f0c        0x0 /opt/Atollic_TrueSTUDIO_for_STM32_x86_64_9.0.0/ARMTools/bin/../lib/gcc/arm-atollic-eabi/6.3.1/armv7-m/crtbegin.o
 *(.init)
 .init          0x0000000008002f0c        0x4 /opt/Atollic_TrueSTUDIO_for_STM32_x86_64_9.0.0/ARMTools/bin/../lib/gcc/arm-atollic-eabi/6.3.1/armv7-m/crti.o
                0x0000000008002f0c                _init
 .init          0x0000000008002f10        0x8 /opt/Atollic_TrueSTUDIO_for_STM32_x86_64_9.0.0/ARMTools/bin/../lib/gcc/arm-atollic-eabi/6.3.1/armv7-m/crtn.o
 *(.fini)
 .fini          0x0000000008002f18        0x4 /opt/Atollic_TrueSTUDIO_for_STM32_x86_64_9.0.0/ARMTools/bin/../lib/gcc/arm-atollic-eabi/6.3.1/armv7-m/crti.o
                0x0000000008002f18                _fini
 .fini          0x0000000008002f1c        0x8 /opt/Atollic_TrueSTUDIO_for_STM32_x86_64_9.0.0/ARMTools/bin/../lib/gcc/arm-atollic-eabi/6.3.1/armv7-m/crtn.o
                0x0000000008002f24                . = ALIGN (0x4)
                0x0000000008002f24                _etext = .

.vfp11_veneer   0x0000000008002f24        0x0
 .vfp11_veneer  0x0000000008002f24        0x0 linker stubs

.v4_bx          0x0000000008002f24        0x0
 .v4_bx         0x0000000008002f24        0x0 linker stubs

.iplt           0x0000000008002f24        0x0
 .iplt          0x0000000008002f24        0x0 /opt/Atollic_TrueSTUDIO_for_STM32_x86_64_9.0.0/ARMTools/bin/../lib/gcc/arm-atollic-eabi/6.3.1/armv7-m/crtbegin.o

.rodata         0x0000000008002f24       0xe0
                0x0000000008002f24                . = ALIGN (0x4)
 *(.rodata)
 .rodata        0x0000000008002f24       0x10 Drivers/STM32F1xx_HAL_Driver/stm32f1xx_hal_rcc.o
 *(.rodata*)
 .rodata.main.str1.1
                0x0000000008002f34       0x1d Application/User/main.o
 .rodata.AHBPrescTable
                0x0000000008002f51       0x10 Drivers/CMSIS/system_stm32f1xx.o
                0x0000000008002f51                AHBPrescTable
 .rodata.APBPrescTable
                0x0000000008002f61        0x8 Drivers/CMSIS/system_stm32f1xx.o
                0x0000000008002f61                APBPrescTable
 *fill*         0x0000000008002f69        0x3 
 .rodata._global_impure_ptr
                0x0000000008002f6c        0x4 /opt/Atollic_TrueSTUDIO_for_STM32_x86_64_9.0.0/ARMTools/bin/../lib/gcc/arm-atollic-eabi/6.3.1/../../../../arm-atollic-eabi/lib/armv7-m/libc_nano.a(lib_a-impure.o)
                0x0000000008002f6c                _global_impure_ptr
 .rodata.__sf_fake_stderr
                0x0000000008002f70       0x20 /opt/Atollic_TrueSTUDIO_for_STM32_x86_64_9.0.0/ARMTools/bin/../lib/gcc/arm-atollic-eabi/6.3.1/../../../../arm-atollic-eabi/lib/armv7-m/libc_nano.a(lib_a-findfp.o)
                0x0000000008002f70                __sf_fake_stderr
 .rodata.__sf_fake_stdin
                0x0000000008002f90       0x20 /opt/Atollic_TrueSTUDIO_for_STM32_x86_64_9.0.0/ARMTools/bin/../lib/gcc/arm-atollic-eabi/6.3.1/../../../../arm-atollic-eabi/lib/armv7-m/libc_nano.a(lib_a-findfp.o)
                0x0000000008002f90                __sf_fake_stdin
 .rodata.__sf_fake_stdout
                0x0000000008002fb0       0x20 /opt/Atollic_TrueSTUDIO_for_STM32_x86_64_9.0.0/ARMTools/bin/../lib/gcc/arm-atollic-eabi/6.3.1/../../../../arm-atollic-eabi/lib/armv7-m/libc_nano.a(lib_a-findfp.o)
                0x0000000008002fb0                __sf_fake_stdout
 .rodata._vfprintf_r.str1.1
                0x0000000008002fd0       0x11 /opt/Atollic_TrueSTUDIO_for_STM32_x86_64_9.0.0/ARMTools/bin/../lib/gcc/arm-atollic-eabi/6.3.1/../../../../arm-atollic-eabi/lib/armv7-m/libc_nano.a(lib_a-nano-vfprintf.o)
 .rodata._printf_i.str1.1
                0x0000000008002fe1       0x22 /opt/Atollic_TrueSTUDIO_for_STM32_x86_64_9.0.0/ARMTools/bin/../lib/gcc/arm-atollic-eabi/6.3.1/../../../../arm-atollic-eabi/lib/armv7-m/libc_nano.a(lib_a-nano-vfprintf_i.o)
                0x0000000008003004                . = ALIGN (0x4)
 *fill*         0x0000000008003003        0x1 

.rel.dyn        0x0000000008003004        0x0
 .rel.iplt      0x0000000008003004        0x0 /opt/Atollic_TrueSTUDIO_for_STM32_x86_64_9.0.0/ARMTools/bin/../lib/gcc/arm-atollic-eabi/6.3.1/armv7-m/crtbegin.o

.ARM.extab
 *(.ARM.extab* .gnu.linkonce.armextab.*)

.ARM            0x0000000008003004        0x0
                0x0000000008003004                __exidx_start = .
 *(.ARM.exidx*)
                0x0000000008003004                __exidx_end = .

.preinit_array  0x0000000008003004        0x0
                0x0000000008003004                PROVIDE (__preinit_array_start, .)
 *(.preinit_array*)
                0x0000000008003004                PROVIDE (__preinit_array_end, .)

.init_array     0x0000000008003004        0x4
                0x0000000008003004                PROVIDE (__init_array_start, .)
 *(SORT(.init_array.*))
 *(.init_array*)
 .init_array    0x0000000008003004        0x4 /opt/Atollic_TrueSTUDIO_for_STM32_x86_64_9.0.0/ARMTools/bin/../lib/gcc/arm-atollic-eabi/6.3.1/armv7-m/crtbegin.o
                0x0000000008003008                PROVIDE (__init_array_end, .)

.fini_array     0x0000000008003008        0x4
                [!provide]                        PROVIDE (__fini_array_start, .)
 *(SORT(.fini_array.*))
 *(.fini_array*)
 .fini_array    0x0000000008003008        0x4 /opt/Atollic_TrueSTUDIO_for_STM32_x86_64_9.0.0/ARMTools/bin/../lib/gcc/arm-atollic-eabi/6.3.1/armv7-m/crtbegin.o
                [!provide]                        PROVIDE (__fini_array_end, .)
                0x000000000800300c                _sidata = LOADADDR (.data)

.data           0x0000000020000000       0x68 load address 0x000000000800300c
                0x0000000020000000                . = ALIGN (0x4)
                0x0000000020000000                _sdata = .
 *(.data)
 *(.data*)
 .data.SystemCoreClock
                0x0000000020000000        0x4 Drivers/CMSIS/system_stm32f1xx.o
                0x0000000020000000                SystemCoreClock
 .data._impure_ptr
                0x0000000020000004        0x4 /opt/Atollic_TrueSTUDIO_for_STM32_x86_64_9.0.0/ARMTools/bin/../lib/gcc/arm-atollic-eabi/6.3.1/../../../../arm-atollic-eabi/lib/armv7-m/libc_nano.a(lib_a-impure.o)
                0x0000000020000004                _impure_ptr
 .data.impure_data
                0x0000000020000008       0x60 /opt/Atollic_TrueSTUDIO_for_STM32_x86_64_9.0.0/ARMTools/bin/../lib/gcc/arm-atollic-eabi/6.3.1/../../../../arm-atollic-eabi/lib/armv7-m/libc_nano.a(lib_a-impure.o)
                0x0000000020000068                . = ALIGN (0x4)
                0x0000000020000068                _edata = .

.igot.plt       0x0000000020000068        0x0 load address 0x0000000008003074
 .igot.plt      0x0000000020000068        0x0 /opt/Atollic_TrueSTUDIO_for_STM32_x86_64_9.0.0/ARMTools/bin/../lib/gcc/arm-atollic-eabi/6.3.1/armv7-m/crtbegin.o
                0x0000000020000068                . = ALIGN (0x4)

.bss            0x0000000020000068      0x198 load address 0x0000000008003074
                0x0000000020000068                _sbss = .
                0x0000000020000068                __bss_start__ = _sbss
 *(.bss)
 .bss           0x0000000020000068       0x1c /opt/Atollic_TrueSTUDIO_for_STM32_x86_64_9.0.0/ARMTools/bin/../lib/gcc/arm-atollic-eabi/6.3.1/armv7-m/crtbegin.o
 *(.bss*)
 .bss.LED_State
                0x0000000020000084        0x1 Application/User/main.o
                0x0000000020000084                LED_State
 .bss.rx_command_buffer_i
                0x0000000020000085        0x1 Application/User/main.o
                0x0000000020000085                rx_command_buffer_i
 *fill*         0x0000000020000086        0x2 
 .bss.time_hello
                0x0000000020000088        0x4 Application/User/main.o
                0x0000000020000088                time_hello
 .bss.time_led_off
                0x000000002000008c        0x4 Application/User/main.o
                0x000000002000008c                time_led_off
 .bss.time_led_on
                0x0000000020000090        0x4 Application/User/main.o
                0x0000000020000090                time_led_on
 .bss.uptime    0x0000000020000094        0x4 Application/User/main.o
                0x0000000020000094                uptime
 .bss.heap_end.5888
                0x0000000020000098        0x4 Application/User/syscalls.o
 .bss.__malloc_free_list
                0x000000002000009c        0x4 /opt/Atollic_TrueSTUDIO_for_STM32_x86_64_9.0.0/ARMTools/bin/../lib/gcc/arm-atollic-eabi/6.3.1/../../../../arm-atollic-eabi/lib/armv7-m/libc_nano.a(lib_a-nano-mallocr.o)
                0x000000002000009c                __malloc_free_list
 .bss.__malloc_sbrk_start
                0x00000000200000a0        0x4 /opt/Atollic_TrueSTUDIO_for_STM32_x86_64_9.0.0/ARMTools/bin/../lib/gcc/arm-atollic-eabi/6.3.1/../../../../arm-atollic-eabi/lib/armv7-m/libc_nano.a(lib_a-nano-mallocr.o)
                0x00000000200000a0                __malloc_sbrk_start
 *(COMMON)
 COMMON         0x00000000200000a4      0x154 Application/User/main.o
                0x00000000200000a4                rx_c
                0x00000000200000a8                htim3
                0x00000000200000e8                rx_command_buffer
                0x0000000020000138                huart1
                0x0000000020000178                htim1
                0x00000000200001b8                htim2
 COMMON         0x00000000200001f8        0x4 Drivers/STM32F1xx_HAL_Driver/stm32f1xx_hal.o
                0x00000000200001f8                uwTick
 COMMON         0x00000000200001fc        0x4 /opt/Atollic_TrueSTUDIO_for_STM32_x86_64_9.0.0/ARMTools/bin/../lib/gcc/arm-atollic-eabi/6.3.1/../../../../arm-atollic-eabi/lib/armv7-m/libc_nano.a(lib_a-reent.o)
                0x00000000200001fc                errno
                0x0000000020000200                . = ALIGN (0x4)
                0x0000000020000200                _ebss = .
                0x0000000020000200                __bss_end__ = _ebss

._user_heap_stack
                0x0000000020000200      0x600 load address 0x0000000008003074
                0x0000000020000200                . = ALIGN (0x4)
                0x0000000020000200                PROVIDE (end, .)
                [!provide]                        PROVIDE (_end, .)
                0x0000000020000400                . = (. + _Min_Heap_Size)
 *fill*         0x0000000020000200      0x200 
                0x0000000020000800                . = (. + _Min_Stack_Size)
 *fill*         0x0000000020000400      0x400 
                0x0000000020000800                . = ALIGN (0x4)

/DISCARD/
 libc.a(*)
 libm.a(*)
 libgcc.a(*)

.ARM.attributes
                0x0000000000000000       0x29
 *(.ARM.attributes)
 .ARM.attributes
                0x0000000000000000       0x1d /opt/Atollic_TrueSTUDIO_for_STM32_x86_64_9.0.0/ARMTools/bin/../lib/gcc/arm-atollic-eabi/6.3.1/armv7-m/crti.o
 .ARM.attributes
                0x000000000000001d       0x2d /opt/Atollic_TrueSTUDIO_for_STM32_x86_64_9.0.0/ARMTools/bin/../lib/gcc/arm-atollic-eabi/6.3.1/armv7-m/crtbegin.o
 .ARM.attributes
                0x000000000000004a       0x21 Application/TrueSTUDIO/startup_stm32f103xb.o
 .ARM.attributes
                0x000000000000006b       0x33 Application/User/main.o
 .ARM.attributes
                0x000000000000009e       0x33 Application/User/stm32f1xx_hal_msp.o
 .ARM.attributes
                0x00000000000000d1       0x33 Application/User/stm32f1xx_it.o
 .ARM.attributes
                0x0000000000000104       0x33 Application/User/syscalls.o
 .ARM.attributes
                0x0000000000000137       0x33 Drivers/CMSIS/system_stm32f1xx.o
 .ARM.attributes
                0x000000000000016a       0x33 Drivers/STM32F1xx_HAL_Driver/stm32f1xx_hal.o
 .ARM.attributes
                0x000000000000019d       0x33 Drivers/STM32F1xx_HAL_Driver/stm32f1xx_hal_cortex.o
 .ARM.attributes
                0x00000000000001d0       0x33 Drivers/STM32F1xx_HAL_Driver/stm32f1xx_hal_dma.o
 .ARM.attributes
                0x0000000000000203       0x33 Drivers/STM32F1xx_HAL_Driver/stm32f1xx_hal_gpio.o
 .ARM.attributes
                0x0000000000000236       0x33 Drivers/STM32F1xx_HAL_Driver/stm32f1xx_hal_rcc.o
 .ARM.attributes
                0x0000000000000269       0x33 Drivers/STM32F1xx_HAL_Driver/stm32f1xx_hal_tim.o
 .ARM.attributes
                0x000000000000029c       0x33 Drivers/STM32F1xx_HAL_Driver/stm32f1xx_hal_tim_ex.o
 .ARM.attributes
                0x00000000000002cf       0x33 Drivers/STM32F1xx_HAL_Driver/stm32f1xx_hal_uart.o
 .ARM.attributes
                0x0000000000000302       0x2d /opt/Atollic_TrueSTUDIO_for_STM32_x86_64_9.0.0/ARMTools/bin/../lib/gcc/arm-atollic-eabi/6.3.1/../../../../arm-atollic-eabi/lib/armv7-m/libc_nano.a(lib_a-errno.o)
 .ARM.attributes
                0x000000000000032f       0x2d /opt/Atollic_TrueSTUDIO_for_STM32_x86_64_9.0.0/ARMTools/bin/../lib/gcc/arm-atollic-eabi/6.3.1/../../../../arm-atollic-eabi/lib/armv7-m/libc_nano.a(lib_a-impure.o)
 .ARM.attributes
                0x000000000000035c       0x2d /opt/Atollic_TrueSTUDIO_for_STM32_x86_64_9.0.0/ARMTools/bin/../lib/gcc/arm-atollic-eabi/6.3.1/../../../../arm-atollic-eabi/lib/armv7-m/libc_nano.a(lib_a-init.o)
 .ARM.attributes
                0x0000000000000389       0x2d /opt/Atollic_TrueSTUDIO_for_STM32_x86_64_9.0.0/ARMTools/bin/../lib/gcc/arm-atollic-eabi/6.3.1/../../../../arm-atollic-eabi/lib/armv7-m/libc_nano.a(lib_a-memset.o)
 .ARM.attributes
                0x00000000000003b6       0x2d /opt/Atollic_TrueSTUDIO_for_STM32_x86_64_9.0.0/ARMTools/bin/../lib/gcc/arm-atollic-eabi/6.3.1/../../../../arm-atollic-eabi/lib/armv7-m/libc_nano.a(lib_a-printf.o)
 .ARM.attributes
                0x00000000000003e3       0x2d /opt/Atollic_TrueSTUDIO_for_STM32_x86_64_9.0.0/ARMTools/bin/../lib/gcc/arm-atollic-eabi/6.3.1/../../../../arm-atollic-eabi/lib/armv7-m/libc_nano.a(lib_a-findfp.o)
 .ARM.attributes
                0x0000000000000410       0x2d /opt/Atollic_TrueSTUDIO_for_STM32_x86_64_9.0.0/ARMTools/bin/../lib/gcc/arm-atollic-eabi/6.3.1/../../../../arm-atollic-eabi/lib/armv7-m/libc_nano.a(lib_a-fwalk.o)
 .ARM.attributes
                0x000000000000043d       0x2d /opt/Atollic_TrueSTUDIO_for_STM32_x86_64_9.0.0/ARMTools/bin/../lib/gcc/arm-atollic-eabi/6.3.1/../../../../arm-atollic-eabi/lib/armv7-m/libc_nano.a(lib_a-nano-mallocr.o)
 .ARM.attributes
                0x000000000000046a       0x2d /opt/Atollic_TrueSTUDIO_for_STM32_x86_64_9.0.0/ARMTools/bin/../lib/gcc/arm-atollic-eabi/6.3.1/../../../../arm-atollic-eabi/lib/armv7-m/libc_nano.a(lib_a-nano-vfprintf.o)
 .ARM.attributes
                0x0000000000000497       0x2d /opt/Atollic_TrueSTUDIO_for_STM32_x86_64_9.0.0/ARMTools/bin/../lib/gcc/arm-atollic-eabi/6.3.1/../../../../arm-atollic-eabi/lib/armv7-m/libc_nano.a(lib_a-nano-vfprintf_i.o)
 .ARM.attributes
                0x00000000000004c4       0x2d /opt/Atollic_TrueSTUDIO_for_STM32_x86_64_9.0.0/ARMTools/bin/../lib/gcc/arm-atollic-eabi/6.3.1/../../../../arm-atollic-eabi/lib/armv7-m/libc_nano.a(lib_a-sbrkr.o)
 .ARM.attributes
                0x00000000000004f1       0x2d /opt/Atollic_TrueSTUDIO_for_STM32_x86_64_9.0.0/ARMTools/bin/../lib/gcc/arm-atollic-eabi/6.3.1/../../../../arm-atollic-eabi/lib/armv7-m/libc_nano.a(lib_a-stdio.o)
 .ARM.attributes
                0x000000000000051e       0x2d /opt/Atollic_TrueSTUDIO_for_STM32_x86_64_9.0.0/ARMTools/bin/../lib/gcc/arm-atollic-eabi/6.3.1/../../../../arm-atollic-eabi/lib/armv7-m/libc_nano.a(lib_a-wbuf.o)
 .ARM.attributes
                0x000000000000054b       0x2d /opt/Atollic_TrueSTUDIO_for_STM32_x86_64_9.0.0/ARMTools/bin/../lib/gcc/arm-atollic-eabi/6.3.1/../../../../arm-atollic-eabi/lib/armv7-m/libc_nano.a(lib_a-writer.o)
 .ARM.attributes
                0x0000000000000578       0x2d /opt/Atollic_TrueSTUDIO_for_STM32_x86_64_9.0.0/ARMTools/bin/../lib/gcc/arm-atollic-eabi/6.3.1/../../../../arm-atollic-eabi/lib/armv7-m/libc_nano.a(lib_a-wsetup.o)
 .ARM.attributes
                0x00000000000005a5       0x2d /opt/Atollic_TrueSTUDIO_for_STM32_x86_64_9.0.0/ARMTools/bin/../lib/gcc/arm-atollic-eabi/6.3.1/../../../../arm-atollic-eabi/lib/armv7-m/libc_nano.a(lib_a-closer.o)
 .ARM.attributes
                0x00000000000005d2       0x2d /opt/Atollic_TrueSTUDIO_for_STM32_x86_64_9.0.0/ARMTools/bin/../lib/gcc/arm-atollic-eabi/6.3.1/../../../../arm-atollic-eabi/lib/armv7-m/libc_nano.a(lib_a-fflush.o)
 .ARM.attributes
                0x00000000000005ff       0x2d /opt/Atollic_TrueSTUDIO_for_STM32_x86_64_9.0.0/ARMTools/bin/../lib/gcc/arm-atollic-eabi/6.3.1/../../../../arm-atollic-eabi/lib/armv7-m/libc_nano.a(lib_a-lseekr.o)
 .ARM.attributes
                0x000000000000062c       0x2d /opt/Atollic_TrueSTUDIO_for_STM32_x86_64_9.0.0/ARMTools/bin/../lib/gcc/arm-atollic-eabi/6.3.1/../../../../arm-atollic-eabi/lib/armv7-m/libc_nano.a(lib_a-makebuf.o)
 .ARM.attributes
                0x0000000000000659       0x2d /opt/Atollic_TrueSTUDIO_for_STM32_x86_64_9.0.0/ARMTools/bin/../lib/gcc/arm-atollic-eabi/6.3.1/../../../../arm-atollic-eabi/lib/armv7-m/libc_nano.a(lib_a-memchr-stub.o)
 .ARM.attributes
                0x0000000000000686       0x2d /opt/Atollic_TrueSTUDIO_for_STM32_x86_64_9.0.0/ARMTools/bin/../lib/gcc/arm-atollic-eabi/6.3.1/../../../../arm-atollic-eabi/lib/armv7-m/libc_nano.a(lib_a-mlock.o)
 .ARM.attributes
                0x00000000000006b3       0x2d /opt/Atollic_TrueSTUDIO_for_STM32_x86_64_9.0.0/ARMTools/bin/../lib/gcc/arm-atollic-eabi/6.3.1/../../../../arm-atollic-eabi/lib/armv7-m/libc_nano.a(lib_a-nano-freer.o)
 .ARM.attributes
                0x00000000000006e0       0x2d /opt/Atollic_TrueSTUDIO_for_STM32_x86_64_9.0.0/ARMTools/bin/../lib/gcc/arm-atollic-eabi/6.3.1/../../../../arm-atollic-eabi/lib/armv7-m/libc_nano.a(lib_a-readr.o)
 .ARM.attributes
                0x000000000000070d       0x2d /opt/Atollic_TrueSTUDIO_for_STM32_x86_64_9.0.0/ARMTools/bin/../lib/gcc/arm-atollic-eabi/6.3.1/../../../../arm-atollic-eabi/lib/armv7-m/libc_nano.a(lib_a-reent.o)
 .ARM.attributes
                0x000000000000073a       0x2d /opt/Atollic_TrueSTUDIO_for_STM32_x86_64_9.0.0/ARMTools/bin/../lib/gcc/arm-atollic-eabi/6.3.1/../../../../arm-atollic-eabi/lib/armv7-m/libc_nano.a(lib_a-fstatr.o)
 .ARM.attributes
                0x0000000000000767       0x2d /opt/Atollic_TrueSTUDIO_for_STM32_x86_64_9.0.0/ARMTools/bin/../lib/gcc/arm-atollic-eabi/6.3.1/../../../../arm-atollic-eabi/lib/armv7-m/libc_nano.a(lib_a-isattyr.o)
 .ARM.attributes
                0x0000000000000794       0x1d /opt/Atollic_TrueSTUDIO_for_STM32_x86_64_9.0.0/ARMTools/bin/../lib/gcc/arm-atollic-eabi/6.3.1/armv7-m/libgcc.a(_arm_addsubsf3.o)
 .ARM.attributes
                0x00000000000007b1       0x1d /opt/Atollic_TrueSTUDIO_for_STM32_x86_64_9.0.0/ARMTools/bin/../lib/gcc/arm-atollic-eabi/6.3.1/armv7-m/libgcc.a(_arm_muldivsf3.o)
 .ARM.attributes
                0x00000000000007ce       0x1d /opt/Atollic_TrueSTUDIO_for_STM32_x86_64_9.0.0/ARMTools/bin/../lib/gcc/arm-atollic-eabi/6.3.1/armv7-m/libgcc.a(_arm_fixunssfsi.o)
 .ARM.attributes
                0x00000000000007eb       0x1d /opt/Atollic_TrueSTUDIO_for_STM32_x86_64_9.0.0/ARMTools/bin/../lib/gcc/arm-atollic-eabi/6.3.1/armv7-m/crtn.o
OUTPUT(MB_ABS_Speed_Emulator.elf elf32-littlearm)

.debug_line     0x0000000000000000     0x4f8b
 .debug_line    0x0000000000000000       0x78 Application/TrueSTUDIO/startup_stm32f103xb.o
 .debug_line    0x0000000000000078      0x4d3 Application/User/main.o
 .debug_line    0x000000000000054b      0x3aa Application/User/stm32f1xx_hal_msp.o
 .debug_line    0x00000000000008f5      0x330 Application/User/stm32f1xx_it.o
 .debug_line    0x0000000000000c25      0x399 Application/User/syscalls.o
 .debug_line    0x0000000000000fbe      0x279 Drivers/CMSIS/system_stm32f1xx.o
 .debug_line    0x0000000000001237      0x403 Drivers/STM32F1xx_HAL_Driver/stm32f1xx_hal.o
 .debug_line    0x000000000000163a      0x423 Drivers/STM32F1xx_HAL_Driver/stm32f1xx_hal_cortex.o
 .debug_line    0x0000000000001a5d      0x690 Drivers/STM32F1xx_HAL_Driver/stm32f1xx_hal_dma.o
 .debug_line    0x00000000000020ed      0x442 Drivers/STM32F1xx_HAL_Driver/stm32f1xx_hal_gpio.o
 .debug_line    0x000000000000252f      0x5f6 Drivers/STM32F1xx_HAL_Driver/stm32f1xx_hal_rcc.o
 .debug_line    0x0000000000002b25     0x1143 Drivers/STM32F1xx_HAL_Driver/stm32f1xx_hal_tim.o
 .debug_line    0x0000000000003c68      0x6e7 Drivers/STM32F1xx_HAL_Driver/stm32f1xx_hal_tim_ex.o
 .debug_line    0x000000000000434f      0xc3c Drivers/STM32F1xx_HAL_Driver/stm32f1xx_hal_uart.o

.debug_info     0x0000000000000000    0x1243a
 .debug_info    0x0000000000000000       0xb1 Application/TrueSTUDIO/startup_stm32f103xb.o
 .debug_info    0x00000000000000b1     0x1d7e Application/User/main.o
 .debug_info    0x0000000000001e2f     0x15fc Application/User/stm32f1xx_hal_msp.o
 .debug_info    0x000000000000342b      0xe28 Application/User/stm32f1xx_it.o
 .debug_info    0x0000000000004253      0xfe3 Application/User/syscalls.o
 .debug_info    0x0000000000005236      0xc07 Drivers/CMSIS/system_stm32f1xx.o
 .debug_info    0x0000000000005e3d      0xece Drivers/STM32F1xx_HAL_Driver/stm32f1xx_hal.o
 .debug_info    0x0000000000006d0b     0x1463 Drivers/STM32F1xx_HAL_Driver/stm32f1xx_hal_cortex.o
 .debug_info    0x000000000000816e     0x1001 Drivers/STM32F1xx_HAL_Driver/stm32f1xx_hal_dma.o
 .debug_info    0x000000000000916f      0xe7c Drivers/STM32F1xx_HAL_Driver/stm32f1xx_hal_gpio.o
 .debug_info    0x0000000000009feb     0x118f Drivers/STM32F1xx_HAL_Driver/stm32f1xx_hal_rcc.o
 .debug_info    0x000000000000b17a     0x3b74 Drivers/STM32F1xx_HAL_Driver/stm32f1xx_hal_tim.o
 .debug_info    0x000000000000ecee     0x194c Drivers/STM32F1xx_HAL_Driver/stm32f1xx_hal_tim_ex.o
 .debug_info    0x000000000001063a     0x1e00 Drivers/STM32F1xx_HAL_Driver/stm32f1xx_hal_uart.o

.debug_abbrev   0x0000000000000000     0x2587
 .debug_abbrev  0x0000000000000000       0x12 Application/TrueSTUDIO/startup_stm32f103xb.o
 .debug_abbrev  0x0000000000000012      0x350 Application/User/main.o
 .debug_abbrev  0x0000000000000362      0x27e Application/User/stm32f1xx_hal_msp.o
 .debug_abbrev  0x00000000000005e0      0x211 Application/User/stm32f1xx_it.o
 .debug_abbrev  0x00000000000007f1      0x2ca Application/User/syscalls.o
 .debug_abbrev  0x0000000000000abb      0x1eb Drivers/CMSIS/system_stm32f1xx.o
 .debug_abbrev  0x0000000000000ca6      0x2c2 Drivers/STM32F1xx_HAL_Driver/stm32f1xx_hal.o
 .debug_abbrev  0x0000000000000f68      0x399 Drivers/STM32F1xx_HAL_Driver/stm32f1xx_hal_cortex.o
 .debug_abbrev  0x0000000000001301      0x29e Drivers/STM32F1xx_HAL_Driver/stm32f1xx_hal_dma.o
 .debug_abbrev  0x000000000000159f      0x268 Drivers/STM32F1xx_HAL_Driver/stm32f1xx_hal_gpio.o
 .debug_abbrev  0x0000000000001807      0x354 Drivers/STM32F1xx_HAL_Driver/stm32f1xx_hal_rcc.o
 .debug_abbrev  0x0000000000001b5b      0x3bb Drivers/STM32F1xx_HAL_Driver/stm32f1xx_hal_tim.o
 .debug_abbrev  0x0000000000001f16      0x30d Drivers/STM32F1xx_HAL_Driver/stm32f1xx_hal_tim_ex.o
 .debug_abbrev  0x0000000000002223      0x364 Drivers/STM32F1xx_HAL_Driver/stm32f1xx_hal_uart.o

.debug_aranges  0x0000000000000000      0x910
 .debug_aranges
                0x0000000000000000       0x28 Application/TrueSTUDIO/startup_stm32f103xb.o
 .debug_aranges
                0x0000000000000028       0x38 Application/User/main.o
 .debug_aranges
                0x0000000000000060       0x48 Application/User/stm32f1xx_hal_msp.o
 .debug_aranges
                0x00000000000000a8       0x50 Application/User/stm32f1xx_it.o
 .debug_aranges
                0x00000000000000f8       0xb0 Application/User/syscalls.o
 .debug_aranges
                0x00000000000001a8       0x28 Drivers/CMSIS/system_stm32f1xx.o
 .debug_aranges
                0x00000000000001d0       0xb0 Drivers/STM32F1xx_HAL_Driver/stm32f1xx_hal.o
 .debug_aranges
                0x0000000000000280       0x90 Drivers/STM32F1xx_HAL_Driver/stm32f1xx_hal_cortex.o
 .debug_aranges
                0x0000000000000310       0x78 Drivers/STM32F1xx_HAL_Driver/stm32f1xx_hal_dma.o
 .debug_aranges
                0x0000000000000388       0x58 Drivers/STM32F1xx_HAL_Driver/stm32f1xx_hal_gpio.o
 .debug_aranges
                0x00000000000003e0       0x88 Drivers/STM32F1xx_HAL_Driver/stm32f1xx_hal_rcc.o
 .debug_aranges
                0x0000000000000468      0x250 Drivers/STM32F1xx_HAL_Driver/stm32f1xx_hal_tim.o
 .debug_aranges
                0x00000000000006b8       0xe8 Drivers/STM32F1xx_HAL_Driver/stm32f1xx_hal_tim_ex.o
 .debug_aranges
                0x00000000000007a0      0x170 Drivers/STM32F1xx_HAL_Driver/stm32f1xx_hal_uart.o

.debug_ranges   0x0000000000000000      0xb90
 .debug_ranges  0x0000000000000000       0x20 Application/TrueSTUDIO/startup_stm32f103xb.o
 .debug_ranges  0x0000000000000020       0xe8 Application/User/main.o
 .debug_ranges  0x0000000000000108       0x78 Application/User/stm32f1xx_hal_msp.o
 .debug_ranges  0x0000000000000180       0x40 Application/User/stm32f1xx_it.o
 .debug_ranges  0x00000000000001c0       0xa0 Application/User/syscalls.o
 .debug_ranges  0x0000000000000260       0x18 Drivers/CMSIS/system_stm32f1xx.o
 .debug_ranges  0x0000000000000278       0xa0 Drivers/STM32F1xx_HAL_Driver/stm32f1xx_hal.o
 .debug_ranges  0x0000000000000318      0x128 Drivers/STM32F1xx_HAL_Driver/stm32f1xx_hal_cortex.o
 .debug_ranges  0x0000000000000440       0xa8 Drivers/STM32F1xx_HAL_Driver/stm32f1xx_hal_dma.o
 .debug_ranges  0x00000000000004e8       0x60 Drivers/STM32F1xx_HAL_Driver/stm32f1xx_hal_gpio.o
 .debug_ranges  0x0000000000000548       0xa0 Drivers/STM32F1xx_HAL_Driver/stm32f1xx_hal_rcc.o
 .debug_ranges  0x00000000000005e8      0x340 Drivers/STM32F1xx_HAL_Driver/stm32f1xx_hal_tim.o
 .debug_ranges  0x0000000000000928       0xd8 Drivers/STM32F1xx_HAL_Driver/stm32f1xx_hal_tim_ex.o
 .debug_ranges  0x0000000000000a00      0x190 Drivers/STM32F1xx_HAL_Driver/stm32f1xx_hal_uart.o

.debug_loc      0x0000000000000000     0x63cd
 .debug_loc     0x0000000000000000      0x114 Application/User/main.o
 .debug_loc     0x0000000000000114       0x79 Application/User/stm32f1xx_hal_msp.o
 .debug_loc     0x000000000000018d      0x3ef Application/User/syscalls.o
 .debug_loc     0x000000000000057c       0xcd Drivers/CMSIS/system_stm32f1xx.o
 .debug_loc     0x0000000000000649       0x69 Drivers/STM32F1xx_HAL_Driver/stm32f1xx_hal.o
 .debug_loc     0x00000000000006b2      0x46b Drivers/STM32F1xx_HAL_Driver/stm32f1xx_hal_cortex.o
 .debug_loc     0x0000000000000b1d      0x5d1 Drivers/STM32F1xx_HAL_Driver/stm32f1xx_hal_dma.o
 .debug_loc     0x00000000000010ee      0x36a Drivers/STM32F1xx_HAL_Driver/stm32f1xx_hal_gpio.o
 .debug_loc     0x0000000000001458      0x404 Drivers/STM32F1xx_HAL_Driver/stm32f1xx_hal_rcc.o
 .debug_loc     0x000000000000185c     0x300c Drivers/STM32F1xx_HAL_Driver/stm32f1xx_hal_tim.o
 .debug_loc     0x0000000000004868      0x854 Drivers/STM32F1xx_HAL_Driver/stm32f1xx_hal_tim_ex.o
 .debug_loc     0x00000000000050bc     0x1311 Drivers/STM32F1xx_HAL_Driver/stm32f1xx_hal_uart.o

.debug_str      0x0000000000000000     0x3701
 .debug_str     0x0000000000000000     0x13e2 Application/User/main.o
                                       0x14ef (size before relaxing)
 .debug_str     0x00000000000013e2      0x114 Application/User/stm32f1xx_hal_msp.o
                                       0x104a (size before relaxing)
 .debug_str     0x00000000000014f6       0xf5 Application/User/stm32f1xx_it.o
                                        0xac2 (size before relaxing)
 .debug_str     0x00000000000015eb      0x24f Application/User/syscalls.o
                                        0x89b (size before relaxing)
 .debug_str     0x000000000000183a       0xa7 Drivers/CMSIS/system_stm32f1xx.o
                                        0x736 (size before relaxing)
 .debug_str     0x00000000000018e1      0x200 Drivers/STM32F1xx_HAL_Driver/stm32f1xx_hal.o
                                        0xbfc (size before relaxing)
 .debug_str     0x0000000000001ae1      0x22f Drivers/STM32F1xx_HAL_Driver/stm32f1xx_hal_cortex.o
                                        0xd60 (size before relaxing)
 .debug_str     0x0000000000001d10      0x245 Drivers/STM32F1xx_HAL_Driver/stm32f1xx_hal_dma.o
                                        0xac4 (size before relaxing)
 .debug_str     0x0000000000001f55      0x122 Drivers/STM32F1xx_HAL_Driver/stm32f1xx_hal_gpio.o
                                        0x8cd (size before relaxing)
 .debug_str     0x0000000000002077      0x1ca Drivers/STM32F1xx_HAL_Driver/stm32f1xx_hal_rcc.o
                                        0xaab (size before relaxing)
 .debug_str     0x0000000000002241      0xc0d Drivers/STM32F1xx_HAL_Driver/stm32f1xx_hal_tim.o
                                       0x17fc (size before relaxing)
 .debug_str     0x0000000000002e4e      0x3e1 Drivers/STM32F1xx_HAL_Driver/stm32f1xx_hal_tim_ex.o
                                       0x109e (size before relaxing)
 .debug_str     0x000000000000322f      0x4d2 Drivers/STM32F1xx_HAL_Driver/stm32f1xx_hal_uart.o
                                       0x1015 (size before relaxing)

.comment        0x0000000000000000       0x7c
 .comment       0x0000000000000000       0x7c Application/User/main.o
                                         0x7d (size before relaxing)
 .comment       0x000000000000007c       0x7d Application/User/stm32f1xx_hal_msp.o
 .comment       0x000000000000007c       0x7d Application/User/stm32f1xx_it.o
 .comment       0x000000000000007c       0x7d Application/User/syscalls.o
 .comment       0x000000000000007c       0x7d Drivers/CMSIS/system_stm32f1xx.o
 .comment       0x000000000000007c       0x7d Drivers/STM32F1xx_HAL_Driver/stm32f1xx_hal.o
 .comment       0x000000000000007c       0x7d Drivers/STM32F1xx_HAL_Driver/stm32f1xx_hal_cortex.o
 .comment       0x000000000000007c       0x7d Drivers/STM32F1xx_HAL_Driver/stm32f1xx_hal_dma.o
 .comment       0x000000000000007c       0x7d Drivers/STM32F1xx_HAL_Driver/stm32f1xx_hal_gpio.o
 .comment       0x000000000000007c       0x7d Drivers/STM32F1xx_HAL_Driver/stm32f1xx_hal_rcc.o
 .comment       0x000000000000007c       0x7d Drivers/STM32F1xx_HAL_Driver/stm32f1xx_hal_tim.o
 .comment       0x000000000000007c       0x7d Drivers/STM32F1xx_HAL_Driver/stm32f1xx_hal_tim_ex.o
 .comment       0x000000000000007c       0x7d Drivers/STM32F1xx_HAL_Driver/stm32f1xx_hal_uart.o

.debug_frame    0x0000000000000000     0x21d0
 .debug_frame   0x0000000000000000       0x80 Application/User/main.o
 .debug_frame   0x0000000000000080       0xb4 Application/User/stm32f1xx_hal_msp.o
 .debug_frame   0x0000000000000134       0xbc Application/User/stm32f1xx_it.o
 .debug_frame   0x00000000000001f0      0x1a8 Application/User/syscalls.o
 .debug_frame   0x0000000000000398       0x30 Drivers/CMSIS/system_stm32f1xx.o
 .debug_frame   0x00000000000003c8      0x174 Drivers/STM32F1xx_HAL_Driver/stm32f1xx_hal.o
 .debug_frame   0x000000000000053c      0x120 Drivers/STM32F1xx_HAL_Driver/stm32f1xx_hal_cortex.o
 .debug_frame   0x000000000000065c      0x144 Drivers/STM32F1xx_HAL_Driver/stm32f1xx_hal_dma.o
 .debug_frame   0x00000000000007a0       0xd4 Drivers/STM32F1xx_HAL_Driver/stm32f1xx_hal_gpio.o
 .debug_frame   0x0000000000000874      0x144 Drivers/STM32F1xx_HAL_Driver/stm32f1xx_hal_rcc.o
 .debug_frame   0x00000000000009b8      0x854 Drivers/STM32F1xx_HAL_Driver/stm32f1xx_hal_tim.o
 .debug_frame   0x000000000000120c      0x320 Drivers/STM32F1xx_HAL_Driver/stm32f1xx_hal_tim_ex.o
 .debug_frame   0x000000000000152c      0x4a0 Drivers/STM32F1xx_HAL_Driver/stm32f1xx_hal_uart.o
 .debug_frame   0x00000000000019cc       0x20 /opt/Atollic_TrueSTUDIO_for_STM32_x86_64_9.0.0/ARMTools/bin/../lib/gcc/arm-atollic-eabi/6.3.1/../../../../arm-atollic-eabi/lib/armv7-m/libc_nano.a(lib_a-errno.o)
 .debug_frame   0x00000000000019ec       0x2c /opt/Atollic_TrueSTUDIO_for_STM32_x86_64_9.0.0/ARMTools/bin/../lib/gcc/arm-atollic-eabi/6.3.1/../../../../arm-atollic-eabi/lib/armv7-m/libc_nano.a(lib_a-init.o)
 .debug_frame   0x0000000000001a18       0x20 /opt/Atollic_TrueSTUDIO_for_STM32_x86_64_9.0.0/ARMTools/bin/../lib/gcc/arm-atollic-eabi/6.3.1/../../../../arm-atollic-eabi/lib/armv7-m/libc_nano.a(lib_a-memset.o)
 .debug_frame   0x0000000000001a38       0x74 /opt/Atollic_TrueSTUDIO_for_STM32_x86_64_9.0.0/ARMTools/bin/../lib/gcc/arm-atollic-eabi/6.3.1/../../../../arm-atollic-eabi/lib/armv7-m/libc_nano.a(lib_a-printf.o)
 .debug_frame   0x0000000000001aac      0x11c /opt/Atollic_TrueSTUDIO_for_STM32_x86_64_9.0.0/ARMTools/bin/../lib/gcc/arm-atollic-eabi/6.3.1/../../../../arm-atollic-eabi/lib/armv7-m/libc_nano.a(lib_a-findfp.o)
 .debug_frame   0x0000000000001bc8       0x54 /opt/Atollic_TrueSTUDIO_for_STM32_x86_64_9.0.0/ARMTools/bin/../lib/gcc/arm-atollic-eabi/6.3.1/../../../../arm-atollic-eabi/lib/armv7-m/libc_nano.a(lib_a-fwalk.o)
 .debug_frame   0x0000000000001c1c       0x2c /opt/Atollic_TrueSTUDIO_for_STM32_x86_64_9.0.0/ARMTools/bin/../lib/gcc/arm-atollic-eabi/6.3.1/../../../../arm-atollic-eabi/lib/armv7-m/libc_nano.a(lib_a-nano-mallocr.o)
 .debug_frame   0x0000000000001c48       0xac /opt/Atollic_TrueSTUDIO_for_STM32_x86_64_9.0.0/ARMTools/bin/../lib/gcc/arm-atollic-eabi/6.3.1/../../../../arm-atollic-eabi/lib/armv7-m/libc_nano.a(lib_a-nano-vfprintf.o)
 .debug_frame   0x0000000000001cf4       0x60 /opt/Atollic_TrueSTUDIO_for_STM32_x86_64_9.0.0/ARMTools/bin/../lib/gcc/arm-atollic-eabi/6.3.1/../../../../arm-atollic-eabi/lib/armv7-m/libc_nano.a(lib_a-nano-vfprintf_i.o)
 .debug_frame   0x0000000000001d54       0x2c /opt/Atollic_TrueSTUDIO_for_STM32_x86_64_9.0.0/ARMTools/bin/../lib/gcc/arm-atollic-eabi/6.3.1/../../../../arm-atollic-eabi/lib/armv7-m/libc_nano.a(lib_a-sbrkr.o)
 .debug_frame   0x0000000000001d80       0x88 /opt/Atollic_TrueSTUDIO_for_STM32_x86_64_9.0.0/ARMTools/bin/../lib/gcc/arm-atollic-eabi/6.3.1/../../../../arm-atollic-eabi/lib/armv7-m/libc_nano.a(lib_a-stdio.o)
 .debug_frame   0x0000000000001e08       0x40 /opt/Atollic_TrueSTUDIO_for_STM32_x86_64_9.0.0/ARMTools/bin/../lib/gcc/arm-atollic-eabi/6.3.1/../../../../arm-atollic-eabi/lib/armv7-m/libc_nano.a(lib_a-wbuf.o)
 .debug_frame   0x0000000000001e48       0x2c /opt/Atollic_TrueSTUDIO_for_STM32_x86_64_9.0.0/ARMTools/bin/../lib/gcc/arm-atollic-eabi/6.3.1/../../../../arm-atollic-eabi/lib/armv7-m/libc_nano.a(lib_a-writer.o)
 .debug_frame   0x0000000000001e74       0x2c /opt/Atollic_TrueSTUDIO_for_STM32_x86_64_9.0.0/ARMTools/bin/../lib/gcc/arm-atollic-eabi/6.3.1/../../../../arm-atollic-eabi/lib/armv7-m/libc_nano.a(lib_a-wsetup.o)
 .debug_frame   0x0000000000001ea0       0x2c /opt/Atollic_TrueSTUDIO_for_STM32_x86_64_9.0.0/ARMTools/bin/../lib/gcc/arm-atollic-eabi/6.3.1/../../../../arm-atollic-eabi/lib/armv7-m/libc_nano.a(lib_a-closer.o)
 .debug_frame   0x0000000000001ecc       0x68 /opt/Atollic_TrueSTUDIO_for_STM32_x86_64_9.0.0/ARMTools/bin/../lib/gcc/arm-atollic-eabi/6.3.1/../../../../arm-atollic-eabi/lib/armv7-m/libc_nano.a(lib_a-fflush.o)
 .debug_frame   0x0000000000001f34       0x2c /opt/Atollic_TrueSTUDIO_for_STM32_x86_64_9.0.0/ARMTools/bin/../lib/gcc/arm-atollic-eabi/6.3.1/../../../../arm-atollic-eabi/lib/armv7-m/libc_nano.a(lib_a-lseekr.o)
 .debug_frame   0x0000000000001f60       0x58 /opt/Atollic_TrueSTUDIO_for_STM32_x86_64_9.0.0/ARMTools/bin/../lib/gcc/arm-atollic-eabi/6.3.1/../../../../arm-atollic-eabi/lib/armv7-m/libc_nano.a(lib_a-makebuf.o)
 .debug_frame   0x0000000000001fb8       0x28 /opt/Atollic_TrueSTUDIO_for_STM32_x86_64_9.0.0/ARMTools/bin/../lib/gcc/arm-atollic-eabi/6.3.1/../../../../arm-atollic-eabi/lib/armv7-m/libc_nano.a(lib_a-memchr-stub.o)
 .debug_frame   0x0000000000001fe0       0x30 /opt/Atollic_TrueSTUDIO_for_STM32_x86_64_9.0.0/ARMTools/bin/../lib/gcc/arm-atollic-eabi/6.3.1/../../../../arm-atollic-eabi/lib/armv7-m/libc_nano.a(lib_a-mlock.o)
 .debug_frame   0x0000000000002010       0x38 /opt/Atollic_TrueSTUDIO_for_STM32_x86_64_9.0.0/ARMTools/bin/../lib/gcc/arm-atollic-eabi/6.3.1/../../../../arm-atollic-eabi/lib/armv7-m/libc_nano.a(lib_a-nano-freer.o)
 .debug_frame   0x0000000000002048       0x2c /opt/Atollic_TrueSTUDIO_for_STM32_x86_64_9.0.0/ARMTools/bin/../lib/gcc/arm-atollic-eabi/6.3.1/../../../../arm-atollic-eabi/lib/armv7-m/libc_nano.a(lib_a-readr.o)
 .debug_frame   0x0000000000002074       0x5c /opt/Atollic_TrueSTUDIO_for_STM32_x86_64_9.0.0/ARMTools/bin/../lib/gcc/arm-atollic-eabi/6.3.1/../../../../arm-atollic-eabi/lib/armv7-m/libc_nano.a(lib_a-reent.o)
 .debug_frame   0x00000000000020d0       0x2c /opt/Atollic_TrueSTUDIO_for_STM32_x86_64_9.0.0/ARMTools/bin/../lib/gcc/arm-atollic-eabi/6.3.1/../../../../arm-atollic-eabi/lib/armv7-m/libc_nano.a(lib_a-fstatr.o)
 .debug_frame   0x00000000000020fc       0x2c /opt/Atollic_TrueSTUDIO_for_STM32_x86_64_9.0.0/ARMTools/bin/../lib/gcc/arm-atollic-eabi/6.3.1/../../../../arm-atollic-eabi/lib/armv7-m/libc_nano.a(lib_a-isattyr.o)
 .debug_frame   0x0000000000002128       0x4c /opt/Atollic_TrueSTUDIO_for_STM32_x86_64_9.0.0/ARMTools/bin/../lib/gcc/arm-atollic-eabi/6.3.1/armv7-m/libgcc.a(_arm_addsubsf3.o)
 .debug_frame   0x0000000000002174       0x38 /opt/Atollic_TrueSTUDIO_for_STM32_x86_64_9.0.0/ARMTools/bin/../lib/gcc/arm-atollic-eabi/6.3.1/armv7-m/libgcc.a(_arm_muldivsf3.o)
 .debug_frame   0x00000000000021ac       0x24 /opt/Atollic_TrueSTUDIO_for_STM32_x86_64_9.0.0/ARMTools/bin/../lib/gcc/arm-atollic-eabi/6.3.1/armv7-m/libgcc.a(_arm_fixunssfsi.o)
